// Jest Snapshot v1, https://goo.gl/fbAQLP

exports[`Button Default view should match the snapshot 1`] = `"<button class=\\"MuiButtonBase-root MuiButton-root MuiButton-text\\" tabindex=\\"0\\" type=\\"button\\"><span class=\\"MuiButton-label\\">Button</span></button>"`;
