// Jest Snapshot v1, https://goo.gl/fbAQLP

exports[`Spinner Component Basic Rendering should match the snapshot 1`] = `"<img alt=\\"Loading ...\\" src=\\"spinner.svg\\" width=\\"150\\" class=\\"\\"/>"`;
